// Jest Snapshot v1, https://goo.gl/fbAQLP

exports[`When the list has paragraph elements 1`] = `
[
  {
    "children": [
      {
        "children": [
          {
            "children": [
              {
                "text": "Bullet 1",
              },
            ],
            "type": "p",
          },
        ],
        "type": "li",
      },
      {
        "children": [
          {
            "children": [
              {
                "text": "Bullet 2",
              },
            ],
            "type": "p",
          },
          {
            "children": [
              {
                "children": [
                  {
                    "children": [
                      {
                        "text": "Nested 1 Bullet 1",
                      },
                    ],
                    "type": "p",
                  },
                ],
                "type": "li",
              },
              {
                "children": [
                  {
                    "children": [
                      {
                        "text": "Nested 1 Bullet 2",
                      },
                    ],
                    "type": "p",
                  },
                  {
                    "children": [
                      {
                        "children": [
                          {
                            "children": [
                              {
                                "text": "Nested 2 Bullet 1",
                              },
                            ],
                            "type": "p",
                          },
                        ],
                        "type": "li",
                      },
                      {
                        "children": [
                          {
                            "children": [
                              {
                                "text": "Nested 2 Bullet 2",
                              },
                            ],
                            "type": "p",
                          },
                        ],
                        "type": "li",
                      },
                    ],
                    "type": "ul",
                  },
                ],
                "type": "li",
              },
            ],
            "type": "ul",
          },
        ],
        "type": "li",
      },
    ],
    "type": "ul",
  },
]
`;
