// Jest Snapshot v1, https://goo.gl/fbAQLP

exports[`Use unified to turn markdown into slate state 1`] = `
[
  {
    "children": [
      {
        "children": [
          {
            "text": "my link",
          },
        ],
        "type": "a",
        "url": "https://github.com",
      },
    ],
    "type": "p",
  },
]
`;
