// Jest Snapshot v1, https://goo.gl/fbAQLP

exports[`Deserialize and serialize mix of break tags and new lines 1`] = `
[
  {
    "children": [
      {
        "text": "a
",
      },
      {
        "break": true,
        "children": [
          {
            "text": "",
          },
        ],
        "type": "p",
      },
    ],
    "type": "p",
  },
  {
    "children": [
      {
        "children": [
          {
            "text": "https://a.com",
          },
        ],
        "type": "a",
        "url": "https://a.com",
      },
      {
        "text": "
",
      },
      {
        "break": true,
        "children": [
          {
            "text": "",
          },
        ],
        "type": "p",
      },
    ],
    "type": "p",
  },
  {
    "children": [
      {
        "text": "e",
      },
    ],
    "type": "p",
  },
]
`;

exports[`Deserialize heading with new line 1`] = `
[
  {
    "children": [
      {
        "text": "heading one",
      },
    ],
    "type": "h1",
  },
]
`;
